Classic Timing Analyzer report for NHAN3BIT
Mon Dec 06 08:36:04 2021
Quartus II Version 9.0 Build 132 02/25/2009 SJ Full Version


---------------------
; Table of Contents ;
---------------------
  1. Legal Notice
  2. Timing Analyzer Summary
  3. Timing Analyzer Settings
  4. Parallel Compilation
  5. tpd
  6. Timing Analyzer Messages



----------------
; Legal Notice ;
----------------
Copyright (C) 1991-2009 Altera Corporation
Your use of Altera Corporation's design tools, logic functions 
and other software and tools, and its AMPP partner logic 
functions, and any output files from any of the foregoing 
(including device programming or simulation files), and any 
associated documentation or information are expressly subject 
to the terms and conditions of the Altera Program License 
Subscription Agreement, Altera MegaCore Function License 
Agreement, or other applicable license agreement, including, 
without limitation, that your use is for the sole purpose of 
programming logic devices manufactured by Altera and sold by 
Altera or its authorized distributors.  Please refer to the 
applicable agreement for further details.



+-------------------------------------------------------------------------------------------------------------------------+
; Timing Analyzer Summary                                                                                                 ;
+------------------------------+-------+---------------+-------------+------+------+------------+----------+--------------+
; Type                         ; Slack ; Required Time ; Actual Time ; From ; To   ; From Clock ; To Clock ; Failed Paths ;
+------------------------------+-------+---------------+-------------+------+------+------------+----------+--------------+
; Worst-case tpd               ; N/A   ; None          ; 9.652 ns    ; A[2] ; S[4] ; --         ; --       ; 0            ;
; Total number of failed paths ;       ;               ;             ;      ;      ;            ;          ; 0            ;
+------------------------------+-------+---------------+-------------+------+------+------------+----------+--------------+


+--------------------------------------------------------------------------------------------------------------------+
; Timing Analyzer Settings                                                                                           ;
+---------------------------------------------------------------------+--------------------+------+----+-------------+
; Option                                                              ; Setting            ; From ; To ; Entity Name ;
+---------------------------------------------------------------------+--------------------+------+----+-------------+
; Device Name                                                         ; EP2S15F484C3       ;      ;    ;             ;
; Timing Models                                                       ; Final              ;      ;    ;             ;
; Default hold multicycle                                             ; Same as Multicycle ;      ;    ;             ;
; Cut paths between unrelated clock domains                           ; On                 ;      ;    ;             ;
; Cut off read during write signal paths                              ; On                 ;      ;    ;             ;
; Cut off feedback from I/O pins                                      ; On                 ;      ;    ;             ;
; Report Combined Fast/Slow Timing                                    ; Off                ;      ;    ;             ;
; Ignore Clock Settings                                               ; Off                ;      ;    ;             ;
; Analyze latches as synchronous elements                             ; On                 ;      ;    ;             ;
; Enable Recovery/Removal analysis                                    ; Off                ;      ;    ;             ;
; Enable Clock Latency                                                ; Off                ;      ;    ;             ;
; Use TimeQuest Timing Analyzer                                       ; Off                ;      ;    ;             ;
; Number of source nodes to report per destination node               ; 10                 ;      ;    ;             ;
; Number of destination nodes to report                               ; 10                 ;      ;    ;             ;
; Number of paths to report                                           ; 200                ;      ;    ;             ;
; Report Minimum Timing Checks                                        ; Off                ;      ;    ;             ;
; Use Fast Timing Models                                              ; Off                ;      ;    ;             ;
; Report IO Paths Separately                                          ; Off                ;      ;    ;             ;
; Perform Multicorner Analysis                                        ; On                 ;      ;    ;             ;
; Reports the worst-case path for each clock domain and analysis      ; Off                ;      ;    ;             ;
; Removes common clock path pessimism (CCPP) during slack computation ; Off                ;      ;    ;             ;
; Output I/O Timing Endpoint                                          ; Near End           ;      ;    ;             ;
+---------------------------------------------------------------------+--------------------+------+----+-------------+


+------------------------------------------+
; Parallel Compilation                     ;
+----------------------------+-------------+
; Processors                 ; Number      ;
+----------------------------+-------------+
; Number detected on machine ; 4           ;
; Maximum allowed            ; 4           ;
;                            ;             ;
; Average used               ; 1.00        ;
; Maximum used               ; 1           ;
;                            ;             ;
; Usage by Processor         ; % Time Used ;
;     1 processor            ; 100.0%      ;
;     2-4 processors         ;   0.0%      ;
+----------------------------+-------------+


+-----------------------------------------------------------+
; tpd                                                       ;
+-------+-------------------+-----------------+------+------+
; Slack ; Required P2P Time ; Actual P2P Time ; From ; To   ;
+-------+-------------------+-----------------+------+------+
; N/A   ; None              ; 9.652 ns        ; A[2] ; S[4] ;
; N/A   ; None              ; 9.569 ns        ; B[2] ; S[4] ;
; N/A   ; None              ; 9.543 ns        ; A[2] ; S[2] ;
; N/A   ; None              ; 9.510 ns        ; A[1] ; S[4] ;
; N/A   ; None              ; 9.500 ns        ; B[0] ; S[4] ;
; N/A   ; None              ; 9.460 ns        ; B[2] ; S[2] ;
; N/A   ; None              ; 9.389 ns        ; A[1] ; S[2] ;
; N/A   ; None              ; 9.376 ns        ; B[0] ; S[2] ;
; N/A   ; None              ; 9.311 ns        ; B[1] ; S[4] ;
; N/A   ; None              ; 9.250 ns        ; A[1] ; S[1] ;
; N/A   ; None              ; 9.205 ns        ; B[1] ; S[2] ;
; N/A   ; None              ; 8.961 ns        ; A[2] ; S[3] ;
; N/A   ; None              ; 8.919 ns        ; B[0] ; S[1] ;
; N/A   ; None              ; 8.878 ns        ; B[2] ; S[3] ;
; N/A   ; None              ; 8.865 ns        ; B[0] ; S[0] ;
; N/A   ; None              ; 8.812 ns        ; A[1] ; S[3] ;
; N/A   ; None              ; 8.805 ns        ; B[0] ; S[3] ;
; N/A   ; None              ; 8.709 ns        ; B[1] ; S[1] ;
; N/A   ; None              ; 8.621 ns        ; B[1] ; S[3] ;
; N/A   ; None              ; 7.748 ns        ; A[2] ; S[5] ;
; N/A   ; None              ; 7.665 ns        ; B[2] ; S[5] ;
; N/A   ; None              ; 7.608 ns        ; A[1] ; S[5] ;
; N/A   ; None              ; 7.599 ns        ; B[0] ; S[5] ;
; N/A   ; None              ; 7.407 ns        ; B[1] ; S[5] ;
; N/A   ; None              ; 6.467 ns        ; A[0] ; S[1] ;
; N/A   ; None              ; 6.458 ns        ; A[0] ; S[4] ;
; N/A   ; None              ; 6.409 ns        ; A[0] ; S[0] ;
; N/A   ; None              ; 6.344 ns        ; A[0] ; S[2] ;
; N/A   ; None              ; 5.764 ns        ; A[0] ; S[3] ;
; N/A   ; None              ; 4.556 ns        ; A[0] ; S[5] ;
+-------+-------------------+-----------------+------+------+


+--------------------------+
; Timing Analyzer Messages ;
+--------------------------+
Info: *******************************************************************
Info: Running Quartus II Classic Timing Analyzer
    Info: Version 9.0 Build 132 02/25/2009 SJ Full Version
    Info: Processing started: Mon Dec 06 08:36:04 2021
Info: Command: quartus_tan --read_settings_files=off --write_settings_files=off NHAN3BIT -c NHAN3BIT --timing_analysis_only
Info: Parallel compilation is enabled and will use 4 of the 4 processors detected
Info: Longest tpd from source pin "A[2]" to destination pin "S[4]" is 9.652 ns
    Info: 1: + IC(0.000 ns) + CELL(0.837 ns) = 0.837 ns; Loc. = PIN_Y13; Fanout = 4; PIN Node = 'A[2]'
    Info: 2: + IC(4.019 ns) + CELL(0.357 ns) = 5.213 ns; Loc. = LCCOMB_X17_Y4_N20; Fanout = 1; COMB Node = 'FA:inst5|inst6~0'
    Info: 3: + IC(2.315 ns) + CELL(2.124 ns) = 9.652 ns; Loc. = PIN_J5; Fanout = 0; PIN Node = 'S[4]'
    Info: Total cell delay = 3.318 ns ( 34.38 % )
    Info: Total interconnect delay = 6.334 ns ( 65.62 % )
Info: Quartus II Classic Timing Analyzer was successful. 0 errors, 0 warnings
    Info: Peak virtual memory: 195 megabytes
    Info: Processing ended: Mon Dec 06 08:36:04 2021
    Info: Elapsed time: 00:00:00
    Info: Total CPU time (on all processors): 00:00:00


